// Vitest Snapshot v1, https://vitest.dev/guide/snapshot.html

exports[`BaseNotification > render error message correctly 1`] = `"<div class="fixed bottom-6 right-6 z-50 px-4 py-3 rounded shadow-lg text-white transition-all duration-300 bg-red-500">Terjadi kesalahan saat menyimpan data</div>"`;

exports[`BaseNotification > render success message correctly 1`] = `"<div class="fixed bottom-6 right-6 z-50 px-4 py-3 rounded shadow-lg text-white transition-all duration-300 bg-green-500">Data berhasil disimpan</div>"`;
